// Jest Snapshot v1, https://goo.gl/fbAQLP

exports[`<NamespacePage /> should render and match the snapshot 1`] = `
<div
  className="mid"
>
  <div
    className="card"
  >
    <div
      className="card-header"
    >
      <h2>
        Explore
      </h2>
      <span
        className="menu-link"
      >
        <span
          className="menu-title"
        >
          <div
            className="dropdown"
          >
            <span
              className="add_node"
            >
              + Add Node
            </span>
            <div
              className="dropdown-content"
            >
              <a
                href="/create/transform/undefined"
              >
                <div
                  className="node_type__transform"
                >
                  Transform
                </div>
              </a>
              <a
                href="/create/metric/undefined"
              >
                <div
                  className="node_type__metric"
                >
                  Metric
                </div>
              </a>
              <a
                href="/create/dimension/undefined"
              >
                <div
                  className="node_type__dimension"
                >
                  Dimension
                </div>
              </a>
            </div>
          </div>
        </span>
      </span>
      <div
        className="table-responsive"
      >
        <div
          className="sidebar"
        >
          <span
            style={
              Object {
                "color": "#95aac9",
                "fontSize": "0.8125rem",
                "fontWeight": "600",
                "padding": "1rem 1rem 1rem 0",
                "textTransform": "uppercase",
              }
            }
          >
            Namespaces
          </span>
        </div>
        <table
          className="card-table table"
        >
          <thead>
            <tr>
              <th>
                Name
              </th>
              <th>
                Display Name
              </th>
              <th>
                Type
              </th>
              <th>
                Status
              </th>
              <th>
                Mode
              </th>
              <th>
                Last Updated
              </th>
            </tr>
          </thead>
          <tbody />
        </table>
      </div>
    </div>
  </div>
</div>
`;
